#
# A fatal error has been detected by the Java Runtime Environment:
#
#  EXCEPTION_ACCESS_VIOLATION (0xc0000005) at pc=0x0000000068822b20, pid=9736, tid=0x0000000000002fe0
#
# JRE version: Java(TM) SE Runtime Environment (8.0_291-b10) (build 1.8.0_291-b10)
# Java VM: Java HotSpot(TM) 64-Bit Server VM (25.291-b10 mixed mode windows-amd64 compressed oops)
# Problematic frame:
# V  [jvm.dll+0x472b20]
#
# Failed to write core dump. Minidumps are not enabled by default on client versions of Windows
#
# If you would like to submit a bug report, please visit:
#   http://bugreport.java.com/bugreport/crash.jsp
#

---------------  T H R E A D  ---------------

Current thread (0x0000014c42681800):  JavaThread "C2 CompilerThread1" daemon [_thread_in_native, id=12256, stack(0x0000001ff6200000,0x0000001ff6300000)]

siginfo: ExceptionCode=0xc0000005, reading address 0x0000200068b98720

Registers:
RAX=0x0000000000000000, RBX=0x0000014c4a585180, RCX=0x0000000000000000, RDX=0x0000000000000008
RSP=0x0000001ff62fafd0, RBP=0x0000001ff62fb0f0, RSI=0x000000000000000f, RDI=0x0000001ff62fb030
R8 =0x0000200068b98720, R9 =0x0000014c4939dc20, R10=0x00000000683b0000, R11=0x0000001ff62faf70
R12=0x00000000683b0000, R13=0x0000014c43de2910, R14=0x000000000000000f, R15=0x0000000068b98720
RIP=0x0000000068822b20, EFLAGS=0x0000000000010246

Top of Stack: (sp=0x0000001ff62fafd0)
0x0000001ff62fafd0:   0000000000000a67 0000000068822c40
0x0000001ff62fafe0:   0000001ff62fd7e0 0000014c4a5e9fe0
0x0000001ff62faff0:   0000000068b98720 0000000000000006
0x0000001ff62fb000:   0000000000000bc6 000000006881e350
0x0000001ff62fb010:   0000014c4a585180 0000001ff62fb0f0
0x0000001ff62fb020:   0000000000000bc6 000000006881fa00
0x0000001ff62fb030:   0000005400000000 0000014c00000003
0x0000001ff62fb040:   0000200068b98720 0000000000000001
0x0000001ff62fb050:   0000014c4a5f7bf0 0000014c00000010
0x0000001ff62fb060:   0000014c4a5f7be0 0000001ff62fb4f8
0x0000001ff62fb070:   0000014c43de2900 0000001ff62fb4f8
0x0000001ff62fb080:   0000001ff62fb190 00000000687e7645
0x0000001ff62fb090:   0000001ff62fb410 0000014c43de2ce8
0x0000001ff62fb0a0:   00000000000003d8 0000000000000001
0x0000001ff62fb0b0:   0000001f00000006 0000014c43de2900
0x0000001ff62fb0c0:   0000014c49501180 0000014c49505e10 

Instructions: (pc=0x0000000068822b20)
0x0000000068822b00:   48 8b 47 20 44 8b f6 4e 8b 04 f0 4d 3b c7 0f 84
0x0000000068822b10:   83 00 00 00 33 c0 4c 89 47 10 33 c9 0f 1f 40 00
0x0000000068822b20:   42 83 3c 01 00 8d 50 01 0f 85 c9 00 00 00 48 83
0x0000000068822b30:   c1 04 8b c2 83 fa 08 72 e7 48 8b 6f 30 48 85 ed 


Register to memory mapping:

RAX=0x0000000000000000 is an unknown value
RBX=0x0000014c4a585180 is an unknown value
RCX=0x0000000000000000 is an unknown value
RDX=0x0000000000000008 is an unknown value
RSP=0x0000001ff62fafd0 is pointing into the stack for thread: 0x0000014c42681800
RBP=0x0000001ff62fb0f0 is pointing into the stack for thread: 0x0000014c42681800
RSI=0x000000000000000f is an unknown value
RDI=0x0000001ff62fb030 is pointing into the stack for thread: 0x0000014c42681800
R8 =0x0000200068b98720 is an unknown value
R9 =0x0000014c4939dc20 is an unknown value
R10=0x00000000683b0000 is an unknown value
R11=0x0000001ff62faf70 is pointing into the stack for thread: 0x0000014c42681800
R12=0x00000000683b0000 is an unknown value
R13=0x0000014c43de2910 is an unknown value
R14=0x000000000000000f is an unknown value
R15=0x0000000068b98720 is an unknown value


Stack: [0x0000001ff6200000,0x0000001ff6300000],  sp=0x0000001ff62fafd0,  free space=1003k
Native frames: (J=compiled Java code, j=interpreted, Vv=VM code, C=native code)
V  [jvm.dll+0x472b20]
V  [jvm.dll+0x46e350]
V  [jvm.dll+0x437645]
V  [jvm.dll+0x440855]
V  [jvm.dll+0x43fc15]
V  [jvm.dll+0x42aa57]
V  [jvm.dll+0xabeeb]
V  [jvm.dll+0xaa54b]
V  [jvm.dll+0x23db02]
V  [jvm.dll+0x29210c]
C  [ucrtbase.dll+0x21bb2]
C  [KERNEL32.DLL+0x17374]
C  [ntdll.dll+0x4cc91]


Current CompileTask:
C2: 502698 6831  s    4       oracle.forms.handler.TextFieldItem::onUpdate (393 bytes)


---------------  P R O C E S S  ---------------

Java Threads: ( => current thread )
  0x0000014c43a3c000 JavaThread "Keep-Alive-Timer" daemon [_thread_blocked, id=11320, stack(0x0000001ff7f00000,0x0000001ff8000000)]
  0x0000014c43a32800 JavaThread "EventQueueMonitor-ComponentEvtDispatch" daemon [_thread_blocked, id=7504, stack(0x0000001ff7e00000,0x0000001ff7f00000)]
  0x0000014c43a39000 JavaThread "Timer-1" daemon [_thread_blocked, id=18688, stack(0x0000001ff7d00000,0x0000001ff7e00000)]
  0x0000014c43a36000 JavaThread "UiPathBridgeThread" daemon [_thread_in_native, id=15752, stack(0x0000001ff7800000,0x0000001ff7900000)]
  0x0000014c43a3a800 JavaThread "AutoScroller" [_thread_blocked, id=14624, stack(0x0000001ff5400000,0x0000001ff5500000)]
  0x0000014c43a3d800 JavaThread "Flush Queue" [_thread_blocked, id=16288, stack(0x0000001ff8900000,0x0000001ff8a00000)]
  0x0000014c43a3d000 JavaThread "Thread-19" [_thread_in_native, id=15676, stack(0x0000001ff8800000,0x0000001ff8900000)]
  0x0000014c43a35800 JavaThread "CursorIdler" [_thread_blocked, id=14132, stack(0x0000001ff8700000,0x0000001ff8800000)]
  0x0000014c43a3b800 JavaThread "TaskScheduler timer" [_thread_blocked, id=18768, stack(0x0000001ff8500000,0x0000001ff8600000)]
  0x0000014c43a3a000 JavaThread "Busy indicator" daemon [_thread_blocked, id=17720, stack(0x0000001ff8400000,0x0000001ff8500000)]
  0x0000014c43a38800 JavaThread "HeartBeat" [_thread_blocked, id=120, stack(0x0000001ff7c00000,0x0000001ff7d00000)]
  0x0000014c43a33000 JavaThread "Forms-StreamMessageWriter" [_thread_blocked, id=9332, stack(0x0000001ff7b00000,0x0000001ff7c00000)]
  0x0000014c43a37800 JavaThread "Forms-StreamMessageReader" [_thread_blocked, id=14240, stack(0x0000001ff7a00000,0x0000001ff7b00000)]
  0x0000014c43a31000 JavaThread "thread applet-oracle.forms.engine.Main-2" [_thread_blocked, id=7084, stack(0x0000001ff8300000,0x0000001ff8400000)]
  0x0000014c43a31800 JavaThread "Applet 4 LiveConnect Worker Thread" [_thread_blocked, id=17528, stack(0x0000001ff8100000,0x0000001ff8200000)]
  0x0000014c43a34000 JavaThread "TimerQueue" daemon [_thread_blocked, id=14144, stack(0x0000001ff8000000,0x0000001ff8100000)]
  0x0000014c42694800 JavaThread "thread applet-oracle/apps/fnd/formsClient/FormsLauncher.class-1" [_thread_blocked, id=3672, stack(0x0000001ff7700000,0x0000001ff7800000)]
  0x0000014c42693000 JavaThread "pool-1-thread-1" daemon [_thread_blocked, id=9344, stack(0x0000001ff7600000,0x0000001ff7700000)]
  0x0000014c42691800 JavaThread "AWT-EventQueue-1" [_thread_blocked, id=16516, stack(0x0000001ff7300000,0x0000001ff7400000)]
  0x0000014c42690800 JavaThread "JVM[id=2]-Heartbeat" daemon [_thread_blocked, id=18496, stack(0x0000001ff7500000,0x0000001ff7600000)]
  0x0000014c42693800 JavaThread "AWT-EventQueue-2" [_thread_blocked, id=9928, stack(0x0000001ff7400000,0x0000001ff7500000)]
  0x0000014c42690000 JavaThread "Applet 3 LiveConnect Worker Thread" [_thread_blocked, id=15896, stack(0x0000001ff6a00000,0x0000001ff6b00000)]
  0x0000014c4268d800 JavaThread "Browser Side Object Cleanup Thread" [_thread_blocked, id=1532, stack(0x0000001ff7200000,0x0000001ff7300000)]
  0x0000014c4268f000 JavaThread "CacheCleanUpThread" daemon [_thread_blocked, id=12208, stack(0x0000001ff7100000,0x0000001ff7200000)]
  0x0000014c43890800 JavaThread "CacheMemoryCleanUpThread" daemon [_thread_blocked, id=3940, stack(0x0000001ff7000000,0x0000001ff7100000)]
  0x0000014c43890000 JavaThread "MemoryCache-DelayedCleanup" daemon [_thread_blocked, id=12444, stack(0x0000001ff6800000,0x0000001ff6900000)]
  0x0000014c4382e000 JavaThread "AWT-EventQueue-0" [_thread_blocked, id=7468, stack(0x0000001ff6f00000,0x0000001ff7000000)]
  0x0000014c437bb000 JavaThread "AWT-Windows" daemon [_thread_in_native, id=2316, stack(0x0000001ff6e00000,0x0000001ff6f00000)]
  0x0000014c437b6000 JavaThread "AWT-Shutdown" [_thread_blocked, id=16932, stack(0x0000001ff6d00000,0x0000001ff6e00000)]
  0x0000014c4380a000 JavaThread "Java2D Disposer" daemon [_thread_blocked, id=14040, stack(0x0000001ff6c00000,0x0000001ff6d00000)]
  0x0000014c43809800 JavaThread "SysExecutionTheadCreator" daemon [_thread_blocked, id=14112, stack(0x0000001ff6b00000,0x0000001ff6c00000)]
  0x0000014c43790800 JavaThread "Java Plug-In Pipe Worker Thread (Client-Side)" daemon [_thread_in_native, id=18328, stack(0x0000001ff6900000,0x0000001ff6a00000)]
  0x0000014c4351a800 JavaThread "MemoryPressure-Watchdog" daemon [_thread_blocked, id=15232, stack(0x0000001ff6700000,0x0000001ff6800000)]
  0x0000014c42780000 JavaThread "traceMsgQueueThread" daemon [_thread_blocked, id=15856, stack(0x0000001ff6600000,0x0000001ff6700000)]
  0x0000014c42706800 JavaThread "Service Thread" daemon [_thread_blocked, id=7592, stack(0x0000001ff6400000,0x0000001ff6500000)]
  0x0000014c4268e800 JavaThread "C1 CompilerThread2" daemon [_thread_blocked, id=17288, stack(0x0000001ff6300000,0x0000001ff6400000)]
=>0x0000014c42681800 JavaThread "C2 CompilerThread1" daemon [_thread_in_native, id=12256, stack(0x0000001ff6200000,0x0000001ff6300000)]
  0x0000014c42679800 JavaThread "C2 CompilerThread0" daemon [_thread_blocked, id=18388, stack(0x0000001ff6100000,0x0000001ff6200000)]
  0x0000014c42677000 JavaThread "Attach Listener" daemon [_thread_blocked, id=18364, stack(0x0000001ff6000000,0x0000001ff6100000)]
  0x0000014c42676000 JavaThread "Signal Dispatcher" daemon [_thread_blocked, id=19348, stack(0x0000001ff5f00000,0x0000001ff6000000)]
  0x0000014c42662000 JavaThread "Finalizer" daemon [_thread_blocked, id=18516, stack(0x0000001ff5e00000,0x0000001ff5f00000)]
  0x0000014c4263a000 JavaThread "Reference Handler" daemon [_thread_blocked, id=11700, stack(0x0000001ff5d00000,0x0000001ff5e00000)]
  0x0000014c271f1000 JavaThread "main" [_thread_blocked, id=8280, stack(0x0000001ff5700000,0x0000001ff5800000)]

Other Threads:
  0x0000014c42633000 VMThread [stack: 0x0000001ff5c00000,0x0000001ff5d00000] [id=17000]
  0x0000014c42737000 WatcherThread [stack: 0x0000001ff6500000,0x0000001ff6600000] [id=1908]

VM state:not at safepoint (normal execution)

VM Mutex/Monitor currently owned by a thread: None

heap address: 0x00000006c1c00000, size: 4068 MB, Compressed Oops mode: Zero based, Oop shift amount: 3
Narrow klass base: 0x0000000000000000, Narrow klass shift: 3
Compressed class space size: 1073741824 Address: 0x00000007c0000000

Heap:
 PSYoungGen      total 216576K, used 203159K [0x000000076b400000, 0x000000077c400000, 0x00000007c0000000)
  eden space 216064K, 94% used [0x000000076b400000,0x0000000777a65f58,0x0000000778700000)
  from space 512K, 0% used [0x0000000778700000,0x0000000778700000,0x0000000778780000)
  to   space 31232K, 0% used [0x000000077a580000,0x000000077a580000,0x000000077c400000)
 ParOldGen       total 103424K, used 33771K [0x00000006c1c00000, 0x00000006c8100000, 0x000000076b400000)
  object space 103424K, 32% used [0x00000006c1c00000,0x00000006c3cfaf90,0x00000006c8100000)
 Metaspace       used 29605K, capacity 30228K, committed 30464K, reserved 1075200K
  class space    used 3874K, capacity 4027K, committed 4096K, reserved 1048576K

Card table byte_map: [0x0000014c38160000,0x0000014c38960000] byte_map_base: 0x0000014c34b52000

Marking Bits: (ParMarkBitMap*) 0x0000000068b97fe0
 Begin Bits: [0x0000014c38eb0000, 0x0000014c3ce40000)
 End Bits:   [0x0000014c3ce40000, 0x0000014c40dd0000)

Polling page: 0x0000014c27190000

CodeCache: size=245760Kb used=19542Kb max_used=19548Kb free=226217Kb
 bounds [0x0000014c28da0000, 0x0000014c2a0e0000, 0x0000014c37da0000]
 total_blobs=6176 nmethods=5509 adapters=575
 compilation: enabled

Compilation events (10 events):
Event: 502.102 Thread 0x0000014c4268e800 6829       3       sun.awt.AppContext::access$500 (4 bytes)
Event: 502.103 Thread 0x0000014c4268e800 nmethod 6829 0x0000014c29f76c90 code [0x0000014c29f76de0, 0x0000014c29f76f18]
Event: 502.105 Thread 0x0000014c42679800 nmethod 6828 0x0000014c299e1590 code [0x0000014c299e1740, 0x0000014c299e19d0]
Event: 502.326 Thread 0x0000014c4268e800 6830       3       java.awt.event.InputEvent::getMaskForButton (47 bytes)
Event: 502.327 Thread 0x0000014c4268e800 nmethod 6830 0x0000014c2992a290 code [0x0000014c2992a460, 0x0000014c2992acc0]
Event: 502.350 Thread 0x0000014c42681800 6831  s    4       oracle.forms.handler.TextFieldItem::onUpdate (393 bytes)
Event: 502.369 Thread 0x0000014c42679800 6832       4       java.awt.RenderingHints::entrySet (13 bytes)
Event: 502.372 Thread 0x0000014c42679800 nmethod 6832 0x0000014c28edd550 code [0x0000014c28edd6a0, 0x0000014c28edd898]
Event: 502.390 Thread 0x0000014c4268e800 6833   !   3       oracle.ewt.graphics.GraphicUtils::drawString (88 bytes)
Event: 502.391 Thread 0x0000014c4268e800 nmethod 6833 0x0000014c29928d90 code [0x0000014c29928fc0, 0x0000014c29929d50]

GC Heap History (10 events):
Event: 263.977 GC heap before
{Heap before GC invocations=18 (full 7):
 PSYoungGen      total 216576K, used 128K [0x000000076b400000, 0x000000077c700000, 0x00000007c0000000)
  eden space 216064K, 0% used [0x000000076b400000,0x000000076b400000,0x0000000778700000)
  from space 512K, 25% used [0x0000000778700000,0x0000000778720000,0x0000000778780000)
  to   space 32768K, 0% used [0x000000077a700000,0x000000077a700000,0x000000077c700000)
 ParOldGen       total 103424K, used 33678K [0x00000006c1c00000, 0x00000006c8100000, 0x000000076b400000)
  object space 103424K, 32% used [0x00000006c1c00000,0x00000006c3ce3bc0,0x00000006c8100000)
 Metaspace       used 27825K, capacity 28292K, committed 28416K, reserved 1073152K
  class space    used 3617K, capacity 3748K, committed 3840K, reserved 1048576K
Event: 264.022 GC heap after
Heap after GC invocations=18 (full 7):
 PSYoungGen      total 216576K, used 0K [0x000000076b400000, 0x000000077c700000, 0x00000007c0000000)
  eden space 216064K, 0% used [0x000000076b400000,0x000000076b400000,0x0000000778700000)
  from space 512K, 0% used [0x0000000778700000,0x0000000778700000,0x0000000778780000)
  to   space 32768K, 0% used [0x000000077a700000,0x000000077a700000,0x000000077c700000)
 ParOldGen       total 103424K, used 33654K [0x00000006c1c00000, 0x00000006c8100000, 0x000000076b400000)
  object space 103424K, 32% used [0x00000006c1c00000,0x00000006c3cddab0,0x00000006c8100000)
 Metaspace       used 27825K, capacity 28292K, committed 28416K, reserved 1073152K
  class space    used 3617K, capacity 3748K, committed 3840K, reserved 1048576K
}
Event: 305.259 GC heap before
{Heap before GC invocations=19 (full 7):
 PSYoungGen      total 216576K, used 29930K [0x000000076b400000, 0x000000077c700000, 0x00000007c0000000)
  eden space 216064K, 13% used [0x000000076b400000,0x000000076d13aa98,0x0000000778700000)
  from space 512K, 0% used [0x0000000778700000,0x0000000778700000,0x0000000778780000)
  to   space 32768K, 0% used [0x000000077a700000,0x000000077a700000,0x000000077c700000)
 ParOldGen       total 103424K, used 33654K [0x00000006c1c00000, 0x00000006c8100000, 0x000000076b400000)
  object space 103424K, 32% used [0x00000006c1c00000,0x00000006c3cddab0,0x00000006c8100000)
 Metaspace       used 27915K, capacity 28356K, committed 28672K, reserved 1075200K
  class space    used 3618K, capacity 3748K, committed 3840K, reserved 1048576K
Event: 305.262 GC heap after
Heap after GC invocations=19 (full 7):
 PSYoungGen      total 246784K, used 304K [0x000000076b400000, 0x000000077c500000, 0x00000007c0000000)
  eden space 216064K, 0% used [0x000000076b400000,0x000000076b400000,0x0000000778700000)
  from space 30720K, 0% used [0x000000077a700000,0x000000077a74c010,0x000000077c500000)
  to   space 31744K, 0% used [0x0000000778700000,0x0000000778700000,0x000000077a600000)
 ParOldGen       total 103424K, used 33662K [0x00000006c1c00000, 0x00000006c8100000, 0x000000076b400000)
  object space 103424K, 32% used [0x00000006c1c00000,0x00000006c3cdfab0,0x00000006c8100000)
 Metaspace       used 27915K, capacity 28356K, committed 28672K, reserved 1075200K
  class space    used 3618K, capacity 3748K, committed 3840K, reserved 1048576K
}
Event: 305.262 GC heap before
{Heap before GC invocations=20 (full 8):
 PSYoungGen      total 246784K, used 304K [0x000000076b400000, 0x000000077c500000, 0x00000007c0000000)
  eden space 216064K, 0% used [0x000000076b400000,0x000000076b400000,0x0000000778700000)
  from space 30720K, 0% used [0x000000077a700000,0x000000077a74c010,0x000000077c500000)
  to   space 31744K, 0% used [0x0000000778700000,0x0000000778700000,0x000000077a600000)
 ParOldGen       total 103424K, used 33662K [0x00000006c1c00000, 0x00000006c8100000, 0x000000076b400000)
  object space 103424K, 32% used [0x00000006c1c00000,0x00000006c3cdfab0,0x00000006c8100000)
 Metaspace       used 27915K, capacity 28356K, committed 28672K, reserved 1075200K
  class space    used 3618K, capacity 3748K, committed 3840K, reserved 1048576K
Event: 305.355 GC heap after
Heap after GC invocations=20 (full 8):
 PSYoungGen      total 246784K, used 0K [0x000000076b400000, 0x000000077c500000, 0x00000007c0000000)
  eden space 216064K, 0% used [0x000000076b400000,0x000000076b400000,0x0000000778700000)
  from space 30720K, 0% used [0x000000077a700000,0x000000077a700000,0x000000077c500000)
  to   space 31744K, 0% used [0x0000000778700000,0x0000000778700000,0x000000077a600000)
 ParOldGen       total 103424K, used 33765K [0x00000006c1c00000, 0x00000006c8100000, 0x000000076b400000)
  object space 103424K, 32% used [0x00000006c1c00000,0x00000006c3cf9680,0x00000006c8100000)
 Metaspace       used 27915K, capacity 28356K, committed 28672K, reserved 1075200K
  class space    used 3618K, capacity 3748K, committed 3840K, reserved 1048576K
}
Event: 322.134 GC heap before
{Heap before GC invocations=21 (full 8):
 PSYoungGen      total 246784K, used 14431K [0x000000076b400000, 0x000000077c500000, 0x00000007c0000000)
  eden space 216064K, 6% used [0x000000076b400000,0x000000076c217dc0,0x0000000778700000)
  from space 30720K, 0% used [0x000000077a700000,0x000000077a700000,0x000000077c500000)
  to   space 31744K, 0% used [0x0000000778700000,0x0000000778700000,0x000000077a600000)
 ParOldGen       total 103424K, used 33765K [0x00000006c1c00000, 0x00000006c8100000, 0x000000076b400000)
  object space 103424K, 32% used [0x00000006c1c00000,0x00000006c3cf9680,0x00000006c8100000)
 Metaspace       used 27946K, capacity 28458K, committed 28672K, reserved 1075200K
  class space    used 3623K, capacity 3781K, committed 3840K, reserved 1048576K
Event: 322.135 GC heap after
Heap after GC invocations=21 (full 8):
 PSYoungGen      total 216576K, used 160K [0x000000076b400000, 0x000000077c400000, 0x00000007c0000000)
  eden space 216064K, 0% used [0x000000076b400000,0x000000076b400000,0x0000000778700000)
  from space 512K, 31% used [0x0000000778700000,0x0000000778728000,0x0000000778780000)
  to   space 31232K, 0% used [0x000000077a580000,0x000000077a580000,0x000000077c400000)
 ParOldGen       total 103424K, used 33773K [0x00000006c1c00000, 0x00000006c8100000, 0x000000076b400000)
  object space 103424K, 32% used [0x00000006c1c00000,0x00000006c3cfb680,0x00000006c8100000)
 Metaspace       used 27946K, capacity 28458K, committed 28672K, reserved 1075200K
  class space    used 3623K, capacity 3781K, committed 3840K, reserved 1048576K
}
Event: 322.135 GC heap before
{Heap before GC invocations=22 (full 9):
 PSYoungGen      total 216576K, used 160K [0x000000076b400000, 0x000000077c400000, 0x00000007c0000000)
  eden space 216064K, 0% used [0x000000076b400000,0x000000076b400000,0x0000000778700000)
  from space 512K, 31% used [0x0000000778700000,0x0000000778728000,0x0000000778780000)
  to   space 31232K, 0% used [0x000000077a580000,0x000000077a580000,0x000000077c400000)
 ParOldGen       total 103424K, used 33773K [0x00000006c1c00000, 0x00000006c8100000, 0x000000076b400000)
  object space 103424K, 32% used [0x00000006c1c00000,0x00000006c3cfb680,0x00000006c8100000)
 Metaspace       used 27946K, capacity 28458K, committed 28672K, reserved 1075200K
  class space    used 3623K, capacity 3781K, committed 3840K, reserved 1048576K
Event: 322.196 GC heap after
Heap after GC invocations=22 (full 9):
 PSYoungGen      total 216576K, used 0K [0x000000076b400000, 0x000000077c400000, 0x00000007c0000000)
  eden space 216064K, 0% used [0x000000076b400000,0x000000076b400000,0x0000000778700000)
  from space 512K, 0% used [0x0000000778700000,0x0000000778700000,0x0000000778780000)
  to   space 31232K, 0% used [0x000000077a580000,0x000000077a580000,0x000000077c400000)
 ParOldGen       total 103424K, used 33771K [0x00000006c1c00000, 0x00000006c8100000, 0x000000076b400000)
  object space 103424K, 32% used [0x00000006c1c00000,0x00000006c3cfaf90,0x00000006c8100000)
 Metaspace       used 27946K, capacity 28458K, committed 28672K, reserved 1075200K
  class space    used 3623K, capacity 3781K, committed 3840K, reserved 1048576K
}

Deoptimization events (10 events):
Event: 501.545 Thread 0x0000014c43a36000 Uncommon trap: reason=null_check action=maybe_recompile pc=0x0000014c292952d0 method=sun.awt.SunToolkit.getSystemEventQueueImplPP(Lsun/awt/AppContext;)Ljava/awt/EventQueue; @ 4
Event: 501.546 Thread 0x0000014c43a36000 Uncommon trap: reason=null_check action=maybe_recompile pc=0x0000014c292952d0 method=sun.awt.SunToolkit.getSystemEventQueueImplPP(Lsun/awt/AppContext;)Ljava/awt/EventQueue; @ 4
Event: 501.640 Thread 0x0000014c43a36000 Uncommon trap: reason=null_check action=maybe_recompile pc=0x0000014c292952d0 method=sun.awt.SunToolkit.getSystemEventQueueImplPP(Lsun/awt/AppContext;)Ljava/awt/EventQueue; @ 4
Event: 502.137 Thread 0x0000014c42693800 Uncommon trap: reason=class_check action=maybe_recompile pc=0x0000014c2a03e254 method=java.awt.Toolkit$ToolkitEventMulticaster.eventDispatched(Ljava/awt/AWTEvent;)V @ 4
Event: 502.218 Thread 0x0000014c42693800 Uncommon trap: reason=class_check action=maybe_recompile pc=0x0000014c2a03e254 method=java.awt.Toolkit$ToolkitEventMulticaster.eventDispatched(Ljava/awt/AWTEvent;)V @ 4
Event: 502.218 Thread 0x0000014c42693800 Uncommon trap: reason=unstable_if action=reinterpret pc=0x0000014c29bcdbe8 method=java.awt.Toolkit$SelectiveAWTEventListener.eventDispatched(Ljava/awt/AWTEvent;)V @ 275
Event: 502.326 Thread 0x0000014c42693800 Uncommon trap: reason=class_check action=maybe_recompile pc=0x0000014c2a03e254 method=java.awt.Toolkit$ToolkitEventMulticaster.eventDispatched(Ljava/awt/AWTEvent;)V @ 4
Event: 502.328 Thread 0x0000014c42693800 Uncommon trap: reason=class_check action=maybe_recompile pc=0x0000014c2a03e254 method=java.awt.Toolkit$ToolkitEventMulticaster.eventDispatched(Ljava/awt/AWTEvent;)V @ 4
Event: 502.351 Thread 0x0000014c42693800 Uncommon trap: reason=class_check action=maybe_recompile pc=0x0000014c29ef3a7c method=java.awt.Toolkit$ToolkitEventMulticaster.eventDispatched(Ljava/awt/AWTEvent;)V @ 4
Event: 502.360 Thread 0x0000014c43a3a000 Uncommon trap: reason=unstable_if action=reinterpret pc=0x0000014c29d99fe8 method=sun.font.GlyphList.getInstance()Lsun/font/GlyphList; @ 3

Classes redefined (0 events):
No events

Internal exceptions (10 events):
Event: 502.102 Thread 0x0000014c43a36000 Exception <a 'java/lang/NullPointerException'> (0x0000000775d08208) thrown at [C:\jenkins\workspace\8-2-build-windows-amd64-cygwin\jdk8u291\1294\hotspot\src\share\vm\runtime\sharedRuntime.cpp, line 609]
Event: 502.103 Thread 0x0000014c43a36000 Implicit null exception at 0x0000014c294a0542 to 0x0000014c294a0705
Event: 502.103 Thread 0x0000014c43a36000 Exception <a 'java/lang/NullPointerException'> (0x0000000775d085b8) thrown at [C:\jenkins\workspace\8-2-build-windows-amd64-cygwin\jdk8u291\1294\hotspot\src\share\vm\runtime\sharedRuntime.cpp, line 609]
Event: 502.103 Thread 0x0000014c43a36000 Implicit null exception at 0x0000014c294a0542 to 0x0000014c294a0705
Event: 502.103 Thread 0x0000014c43a36000 Exception <a 'java/lang/NullPointerException'> (0x0000000775d08850) thrown at [C:\jenkins\workspace\8-2-build-windows-amd64-cygwin\jdk8u291\1294\hotspot\src\share\vm\runtime\sharedRuntime.cpp, line 609]
Event: 502.104 Thread 0x0000014c43a36000 Implicit null exception at 0x0000014c294a0542 to 0x0000014c294a0705
Event: 502.104 Thread 0x0000014c43a36000 Exception <a 'java/lang/NullPointerException'> (0x0000000775d08c00) thrown at [C:\jenkins\workspace\8-2-build-windows-amd64-cygwin\jdk8u291\1294\hotspot\src\share\vm\runtime\sharedRuntime.cpp, line 609]
Event: 502.104 Thread 0x0000014c43a36000 Implicit null exception at 0x0000014c294a0542 to 0x0000014c294a0705
Event: 502.104 Thread 0x0000014c43a36000 Exception <a 'java/lang/NullPointerException'> (0x0000000775d08e90) thrown at [C:\jenkins\workspace\8-2-build-windows-amd64-cygwin\jdk8u291\1294\hotspot\src\share\vm\runtime\sharedRuntime.cpp, line 609]
Event: 502.360 Thread 0x0000014c43a3a000 Exception <a 'java/lang/InterruptedException'> (0x000000077431cdb8) thrown at [C:\jenkins\workspace\8-2-build-windows-amd64-cygwin\jdk8u291\1294\hotspot\src\share\vm\runtime\objectMonitor.cpp, line 1497]

Events (10 events):
Event: 502.328 Thread 0x0000014c42693800 Uncommon trap: trap_request=0xffffffde fr.pc=0x0000014c2a03e254
Event: 502.328 Thread 0x0000014c42693800 DEOPT PACKING pc=0x0000014c2a03e254 sp=0x0000001ff74fc970
Event: 502.328 Thread 0x0000014c42693800 DEOPT UNPACKING pc=0x0000014c28de5843 sp=0x0000001ff74fc8a0 mode 2
Event: 502.350 Thread 0x0000014c43a3c000 Thread added: 0x0000014c43a3c000
Event: 502.351 Thread 0x0000014c42693800 Uncommon trap: trap_request=0xffffffde fr.pc=0x0000014c29ef3a7c
Event: 502.351 Thread 0x0000014c42693800 DEOPT PACKING pc=0x0000014c29ef3a7c sp=0x0000001ff74fd120
Event: 502.351 Thread 0x0000014c42693800 DEOPT UNPACKING pc=0x0000014c28de5843 sp=0x0000001ff74fd060 mode 2
Event: 502.360 Thread 0x0000014c43a3a000 Uncommon trap: trap_request=0xffffff65 fr.pc=0x0000014c29d99fe8
Event: 502.360 Thread 0x0000014c43a3a000 DEOPT PACKING pc=0x0000014c29d99fe8 sp=0x0000001ff84fee40
Event: 502.360 Thread 0x0000014c43a3a000 DEOPT UNPACKING pc=0x0000014c28de5843 sp=0x0000001ff84fec50 mode 2


Dynamic libraries:
0x00007ff6d0250000 - 0x00007ff6d0279000 	C:\Program Files\Java\jre1.8.0_291\bin\jp2launcher.exe
0x00007ff877a30000 - 0x00007ff877c28000 	C:\Windows\SYSTEM32\ntdll.dll
0x00007ff8775a0000 - 0x00007ff877662000 	C:\Windows\System32\KERNEL32.DLL
0x00007ff8750c0000 - 0x00007ff8753b6000 	C:\Windows\System32\KERNELBASE.dll
0x00007ff876a90000 - 0x00007ff876c31000 	C:\Windows\System32\USER32.dll
0x00007ff875480000 - 0x00007ff8754a2000 	C:\Windows\System32\win32u.dll
0x00007ff8768a0000 - 0x00007ff8768cb000 	C:\Windows\System32\GDI32.dll
0x00007ff875530000 - 0x00007ff875649000 	C:\Windows\System32\gdi32full.dll
0x00007ff875650000 - 0x00007ff8756ed000 	C:\Windows\System32\msvcp_win.dll
0x00007ff875900000 - 0x00007ff875a00000 	C:\Windows\System32\ucrtbase.dll
0x00007ff877790000 - 0x00007ff8778bb000 	C:\Windows\System32\ole32.dll
0x00007ff877230000 - 0x00007ff877350000 	C:\Windows\System32\RPCRT4.dll
0x00007ff876ed0000 - 0x00007ff877224000 	C:\Windows\System32\combase.dll
0x00007ff876c40000 - 0x00007ff876d0d000 	C:\Windows\System32\OLEAUT32.dll
0x00007ff834e10000 - 0x00007ff834eab000 	C:\Program Files\Java\jre1.8.0_291\bin\MSVCP140.dll
0x00007ff85e790000 - 0x00007ff85e7a5000 	C:\Program Files\Java\jre1.8.0_291\bin\VCRUNTIME140.dll
0x00007ff875a50000 - 0x00007ff875a7f000 	C:\Windows\System32\IMM32.DLL
0x00007ff876e10000 - 0x00007ff876ec1000 	C:\Windows\System32\ADVAPI32.dll
0x00007ff877350000 - 0x00007ff8773ee000 	C:\Windows\System32\msvcrt.dll
0x00007ff8769f0000 - 0x00007ff876a8f000 	C:\Windows\System32\sechost.dll
0x00007ff875450000 - 0x00007ff875477000 	C:\Windows\System32\bcrypt.dll
0x00007ff874d10000 - 0x00007ff874d43000 	C:\Windows\SYSTEM32\ntmarta.dll
0x00007ff875fb0000 - 0x00007ff876720000 	C:\Windows\System32\SHELL32.dll
0x00007ff8723e0000 - 0x00007ff872b85000 	C:\Windows\SYSTEM32\windows.storage.dll
0x00007ff874350000 - 0x00007ff87437b000 	C:\Windows\SYSTEM32\Wldp.dll
0x00007ff876740000 - 0x00007ff8767ed000 	C:\Windows\System32\SHCORE.dll
0x00007ff877990000 - 0x00007ff8779eb000 	C:\Windows\System32\shlwapi.dll
0x00007ff874ff0000 - 0x00007ff875014000 	C:\Windows\SYSTEM32\profapi.dll
0x00007ff85e7b0000 - 0x00007ff85e7ef000 	C:\Program Files\Java\jre1.8.0_291\bin\jli.dll
0x00007ff8743f0000 - 0x00007ff87468b000 	C:\Windows\WinSxS\amd64_microsoft.windows.common-controls_6595b64144ccf1df_6.0.19041.6456_none_60b8a6cb71f64256\COMCTL32.dll
0x00000000683b0000 - 0x0000000068c10000 	C:\Program Files\Java\jre1.8.0_291\bin\server\jvm.dll
0x00007ff876950000 - 0x00007ff876958000 	C:\Windows\System32\PSAPI.DLL
0x00007ff860ac0000 - 0x00007ff860ae7000 	C:\Windows\SYSTEM32\WINMM.dll
0x00007ff82fff0000 - 0x00007ff82fff9000 	C:\Windows\SYSTEM32\WSOCK32.dll
0x00007ff877920000 - 0x00007ff87798b000 	C:\Windows\System32\WS2_32.dll
0x00007ff871820000 - 0x00007ff87182a000 	C:\Windows\SYSTEM32\VERSION.dll
0x00007ff872ba0000 - 0x00007ff872bb2000 	C:\Windows\SYSTEM32\kernel.appcore.dll
0x00007ff86ebd0000 - 0x00007ff86ebe0000 	C:\Program Files\Java\jre1.8.0_291\bin\verify.dll
0x00007ff85e9f0000 - 0x00007ff85ea1b000 	C:\Program Files\Java\jre1.8.0_291\bin\java.dll
0x00007ff86bfa0000 - 0x00007ff86bfb8000 	C:\Program Files\Java\jre1.8.0_291\bin\zip.dll
0x00007ff834ab0000 - 0x00007ff834b35000 	C:\Program Files\Java\jre1.8.0_291\bin\deploy.dll
0x00007ff876720000 - 0x00007ff87673d000 	C:\Windows\System32\imagehlp.dll
0x00007ff85c4a0000 - 0x00007ff85c976000 	C:\Windows\SYSTEM32\WININET.dll
0x00007ff862240000 - 0x00007ff862432000 	C:\Windows\SYSTEM32\urlmon.dll
0x00007ff8671d0000 - 0x00007ff86748f000 	C:\Windows\SYSTEM32\iertutil.dll
0x00007ff8671a0000 - 0x00007ff8671c8000 	C:\Windows\SYSTEM32\srvcli.dll
0x00007ff873ea0000 - 0x00007ff873eac000 	C:\Windows\SYSTEM32\netutils.dll
0x00007ff857ef0000 - 0x00007ff857f0c000 	C:\Program Files\Java\jre1.8.0_291\bin\net.dll
0x00007ff8740b0000 - 0x00007ff87411a000 	C:\Windows\system32\mswsock.dll
0x00007ff84fd00000 - 0x00007ff84fd13000 	C:\Program Files\Java\jre1.8.0_291\bin\nio.dll
0x00007ff8348a0000 - 0x00007ff834a35000 	C:\Program Files\Java\jre1.8.0_291\bin\awt.dll
0x00007ff870a40000 - 0x00007ff870ad4000 	C:\Windows\SYSTEM32\apphelp.dll
0x00007ff86c970000 - 0x00007ff86c979000 	C:\Program Files\Java\jre1.8.0_291\bin\jp2native.dll
0x00007ff871c10000 - 0x00007ff871cae000 	C:\Windows\system32\uxtheme.dll
0x00007ff877670000 - 0x00007ff877785000 	C:\Windows\System32\MSCTF.dll
0x00007ff8753c0000 - 0x00007ff875442000 	C:\Windows\System32\bcryptPrimitives.dll
0x00007ff841e80000 - 0x00007ff841ea4000 	C:\Program Files\Java\jre1.8.0_291\bin\sunec.dll
0x00007ff873d90000 - 0x00007ff873dcb000 	C:\Windows\SYSTEM32\IPHLPAPI.DLL
0x00007ff876e00000 - 0x00007ff876e08000 	C:\Windows\System32\NSI.dll
0x00007ff86a710000 - 0x00007ff86a727000 	C:\Windows\SYSTEM32\dhcpcsvc6.DLL
0x00007ff86b770000 - 0x00007ff86b78d000 	C:\Windows\SYSTEM32\dhcpcsvc.DLL
0x00007ff873dd0000 - 0x00007ff873e9a000 	C:\Windows\SYSTEM32\DNSAPI.dll
0x00007ff871d40000 - 0x00007ff871d6e000 	C:\Windows\system32\DWMAPI.DLL
0x00007ff85bdd0000 - 0x00007ff85bef8000 	C:\Windows\system32\opengl32.dll
0x00007ff85bda0000 - 0x00007ff85bdcc000 	C:\Windows\SYSTEM32\GLU32.dll
0x00007ff867540000 - 0x00007ff867639000 	C:\Windows\SYSTEM32\textinputframework.dll
0x00007ff8706e0000 - 0x00007ff8707d2000 	C:\Windows\System32\CoreMessaging.dll
0x00007ff870000000 - 0x00007ff87035b000 	C:\Windows\System32\CoreUIComponents.dll
0x00007ff870bf0000 - 0x00007ff870d47000 	C:\Windows\SYSTEM32\wintypes.dll
0x00007ff841440000 - 0x00007ff841489000 	C:\Program Files\Java\jre1.8.0_291\bin\fontmanager.dll
0x00007ff86c9d0000 - 0x00007ff86c9da000 	C:\Windows\System32\rasadhlp.dll
0x00007ff860840000 - 0x00007ff8608c0000 	C:\Windows\System32\fwpuclnt.dll
0x00007ff8413f0000 - 0x00007ff841433000 	C:\Program Files\Java\jre1.8.0_291\bin\t2k.dll
0x00007ff8767f0000 - 0x00007ff876899000 	C:\Windows\System32\clbcatq.dll
0x00007ff8719d0000 - 0x00007ff871b86000 	C:\Windows\SYSTEM32\WindowsCodecs.dll
0x00007ff849c30000 - 0x00007ff849c6e000 	C:\Windows\system32\dataexchange.dll
0x00007ff86fcc0000 - 0x00007ff86fea4000 	C:\Windows\system32\dcomp.dll
0x00007ff86f5d0000 - 0x00007ff86f834000 	C:\Windows\system32\d3d11.dll
0x00007ff8732a0000 - 0x00007ff873396000 	C:\Windows\system32\dxgi.dll
0x00007ff86c460000 - 0x00007ff86c663000 	C:\Windows\system32\twinapi.appcore.dll
0x00007ff8413c0000 - 0x00007ff8413ea000 	C:\Program Files\Java\jre1.8.0_291\bin\dcpr.dll
0x00007ff80d770000 - 0x00007ff80d787000 	C:\Windows\system32\napinsp.dll
0x00007ff828ac0000 - 0x00007ff828adb000 	C:\Windows\system32\pnrpnsp.dll
0x00007ff870ba0000 - 0x00007ff870bbd000 	C:\Windows\system32\wshbth.dll
0x00007ff86eb80000 - 0x00007ff86eb9d000 	C:\Windows\system32\NLAapi.dll
0x00007ff82b480000 - 0x00007ff82b492000 	C:\Windows\System32\winrnr.dll
0x00007fffa8770000 - 0x00007fffa8800000 	C:\Users\emon\.nuget\packages\uipath\25.10.160.17874\build\UiPath\InProcRunner_x64.dll
0x00007ff874990000 - 0x00007ff874b91000 	C:\Windows\SYSTEM32\dbghelp.dll
0x00007ff833630000 - 0x00007ff8336e3000 	C:\Users\emon\.nuget\packages\uipath\25.10.160.17874\build\UiPath\javahook_x64.dll
0x00007ff833570000 - 0x00007ff833621000 	C:\Users\emon\.nuget\packages\uipath\25.10.160.17874\build\UiPath\UiPathJavaBridgeV8_x64.dll
0x00007ff833430000 - 0x00007ff833570000 	C:\Users\emon\.nuget\packages\uipath\25.10.160.17874\build\UiPath\UiPathJavaBridgeImplV8_x64.dll
0x00007ff86ece0000 - 0x00007ff86ece7000 	C:\Program Files\Java\jre1.8.0_291\bin\JAWT.DLL

VM Arguments:
jvm_args: -Xbootclasspath/a:C:\Program Files\Java\jre1.8.0_291\lib\deploy.jar;C:\Program Files\Java\jre1.8.0_291\lib\javaws.jar;C:\Program Files\Java\jre1.8.0_291\lib\plugin.jar -Djava.security.manager -D__jvm_launched=99324083619 -D__applet_launched=99324057535 
java_command: sun.plugin2.main.client.PluginMain read_pipe_name=jpi2_pid13412_pipe4,write_pipe_name=jpi2_pid13412_pipe5
java_class_path (initial): C:\Program Files\Java\jre1.8.0_291\lib\deploy.jar
Launcher Type: SUN_STANDARD

Environment Variables:
PATH=C:\Program Files (x86)\Common Files\Oracle\Java\javapath;C:\Windows\system32;C:\Windows;C:\Windows\System32\Wbem;C:\Windows\System32\WindowsPowerShell\v1.0\;C:\Windows\System32\OpenSSH\;C:\Program Files\WireGuard\;C:\Users\emon\AppData\Local\Microsoft\WindowsApps;
USERNAME=emon
OS=Windows_NT
PROCESSOR_IDENTIFIER=Intel64 Family 6 Model 78 Stepping 3, GenuineIntel



---------------  S Y S T E M  ---------------

OS: Windows 10.0 , 64 bit Build 19041 (10.0.19041.5915)

CPU:total 4 (initial active 4) (2 cores per cpu, 2 threads per core) family 6 model 78 stepping 3, cmov, cx8, fxsr, mmx, sse, sse2, sse3, ssse3, sse4.1, sse4.2, popcnt, avx, avx2, aes, clmul, erms, rtm, 3dnowpref, lzcnt, ht, tsc, tscinvbit, bmi1, bmi2, adx

Memory: 4k page, physical 16658004k(5191084k free), swap 19672660k(3098024k free)

vm_info: Java HotSpot(TM) 64-Bit Server VM (25.291-b10) for windows-amd64 JRE (1.8.0_291-b10), built on Apr  9 2021 00:02:00 by "java_re" with MS VC++ 15.9 (VS2017)

time: Mon Feb  2 16:04:37 2026
timezone: Bangladesh Standard Time
elapsed time: 502.715400 seconds (0d 0h 8m 22s)

